// Jest Snapshot v1, https://goo.gl/fbAQLP

exports[`renders 1`] = `
<TableHeaderText>
  <GetTheme>
    <Text
      style={
        Object {
          "color": "#48484D",
          "fontSize": 16,
        }
      }
    >
      <div
        className="rn-borderTopWidth-13yce4e rn-borderRightWidth-fnigne rn-borderBottomWidth-ndvcnb rn-borderLeftWidth-gxnn5r rn-boxSizing-deolkf rn-display-1471scf rn-font-1lw9tu2 rn-fontFamily-14xgk7a rn-fontSize-ubezar rn-marginTop-1mnahxq rn-marginRight-61z16t rn-marginBottom-p1pxzi rn-marginLeft-11wrixw rn-paddingTop-wk8lta rn-paddingRight-9aemit rn-paddingBottom-1mdbw0j rn-paddingLeft-gy4na3 rn-textDecoration-bauka4 rn-whiteSpace-q42fyq rn-wordWrap-qvutc0"
        dir="auto"
        style={
          Object {
            "color": "rgba(72,72,77,1)",
          }
        }
      >
        hello
      </div>
    </Text>
  </GetTheme>
</TableHeaderText>
`;
