// Jest Snapshot v1, https://goo.gl/fbAQLP

exports[`renders 1`] = `
<Card>
  <GetTheme>
    <View
      style={
        Object {
          "backgroundColor": "#ffffff",
          "borderColor": "#EAEAEE",
          "borderRadius": 2,
          "borderStyle": "solid",
          "borderWidth": 1,
          "flex": 1,
          "shadowColor": "#EAEAEE",
          "shadowOffset": Object {
            "height": 2,
            "width": 2,
          },
          "shadowOpacity": 0.54,
          "shadowRadius": 4,
        }
      }
    >
      <div
        className="rn-alignItems-1oszu61 rn-borderTopLeftRadius-1iymjk7 rn-borderTopRightRadius-s2skl2 rn-borderBottomRightRadius-l5bh9y rn-borderBottomLeftRadius-101sy47 rn-borderTopStyle-1efd50x rn-borderRightStyle-14skgim rn-borderBottomStyle-rull8r rn-borderLeftStyle-mm0ijv rn-borderTopWidth-5kkj8d rn-borderRightWidth-13l2t4g rn-borderBottomWidth-qklmqi rn-borderLeftWidth-1ljd8xs rn-boxSizing-deolkf rn-display-6koalj rn-flex-13awgt0 rn-flexGrow-1m1wadx rn-flexShrink-1awmn5t rn-flexDirection-eqz5dr rn-marginTop-1mnahxq rn-marginRight-61z16t rn-marginBottom-p1pxzi rn-marginLeft-11wrixw rn-minHeight-ifefl9 rn-minWidth-bcqeeo rn-paddingTop-wk8lta rn-paddingRight-9aemit rn-paddingBottom-1mdbw0j rn-paddingLeft-gy4na3 rn-position-bnwqim rn-zIndex-1lgpqti"
        style={
          Object {
            "backgroundColor": "rgba(255,255,255,1)",
            "borderBottomColor": "rgba(234,234,238,1)",
            "borderLeftColor": "rgba(234,234,238,1)",
            "borderRightColor": "rgba(234,234,238,1)",
            "borderTopColor": "rgba(234,234,238,1)",
            "boxShadow": "2px 2px 4px rgba(234,234,238,0.54)",
          }
        }
      >
        <Text>
          <div
            className="rn-borderTopWidth-13yce4e rn-borderRightWidth-fnigne rn-borderBottomWidth-ndvcnb rn-borderLeftWidth-gxnn5r rn-boxSizing-deolkf rn-color-homxoj rn-display-1471scf rn-font-1lw9tu2 rn-fontFamily-10u92zi rn-fontSize-1b43r93 rn-marginTop-1mnahxq rn-marginRight-61z16t rn-marginBottom-p1pxzi rn-marginLeft-11wrixw rn-paddingTop-wk8lta rn-paddingRight-9aemit rn-paddingBottom-1mdbw0j rn-paddingLeft-gy4na3 rn-textDecoration-bauka4 rn-whiteSpace-q42fyq rn-wordWrap-qvutc0"
            dir="auto"
          >
            hello
          </div>
        </Text>
      </div>
    </View>
  </GetTheme>
</Card>
`;
