// Jest Snapshot v1, https://goo.gl/fbAQLP

exports[`renders 1`] = `
<BaseButton
  constrainSize={true}
  size="medium"
>
  <TouchableWithoutFeedback
    accessible={true}
    onPressIn={[Function]}
    onPressOut={[Function]}
  >
    <AnimatedComponent
      accessible={true}
      onKeyDown={[Function]}
      onKeyUp={[Function]}
      onResponderGrant={[Function]}
      onResponderMove={[Function]}
      onResponderRelease={[Function]}
      onResponderTerminate={[Function]}
      onResponderTerminationRequest={[Function]}
      onStartShouldSetResponder={[Function]}
      style={
        Object {
          "animationDuration": "0.75s",
          "animationIterationCount": "infinite",
          "animationName": "rn-ActivityIndicator-animation",
          "animationTimingFunction": "linear",
          "backgroundColor": undefined,
          "backgroundSize": "cover",
          "color": "#fff",
          "fontWeight": "500",
          "height": 36,
          "padding": 8,
          "textAlign": "center",
          "textTransform": "uppercase",
          "width": 36,
        }
      }
    >
      <View
        accessible={true}
        onKeyDown={[Function]}
        onKeyUp={[Function]}
        onResponderGrant={[Function]}
        onResponderMove={[Function]}
        onResponderRelease={[Function]}
        onResponderTerminate={[Function]}
        onResponderTerminationRequest={[Function]}
        onStartShouldSetResponder={[Function]}
        style={
          Object {
            "alignItems": "center",
            "backgroundColor": undefined,
            "borderRadius": 2,
            "cursor": "pointer",
            "height": 40,
            "justifyContent": "center",
            "maxWidth": 240,
            "minWidth": 120,
            "overflow": "hidden",
            "touchAction": "manipulation",
          }
        }
      >
        <div
          className="rn-borderTopStyle-1efd50x rn-borderRightStyle-14skgim rn-borderBottomStyle-rull8r rn-borderLeftStyle-mm0ijv rn-borderTopWidth-13yce4e rn-borderRightWidth-fnigne rn-borderBottomWidth-ndvcnb rn-borderLeftWidth-gxnn5r rn-boxSizing-deolkf rn-display-6koalj rn-flexShrink-1pxmb3b rn-flexBasis-7vfszb rn-flexDirection-eqz5dr rn-marginTop-1mnahxq rn-marginRight-61z16t rn-marginBottom-p1pxzi rn-marginLeft-11wrixw rn-minHeight-ifefl9 rn-paddingTop-wk8lta rn-paddingRight-9aemit rn-paddingBottom-1mdbw0j rn-paddingLeft-gy4na3 rn-position-bnwqim rn-zIndex-1lgpqti"
          onKeyDown={[Function]}
          onKeyUp={[Function]}
          onResponderGrant={[Function]}
          onResponderMove={[Function]}
          onResponderRelease={[Function]}
          onResponderTerminate={[Function]}
          onResponderTerminationRequest={[Function]}
          onStartShouldSetResponder={[Function]}
          style={
            Object {
              "WebkitAlignItems": "center",
              "WebkitBoxAlign": "center",
              "WebkitBoxPack": "center",
              "WebkitJustifyContent": "center",
              "alignItems": "center",
              "borderBottomLeftRadius": "2px",
              "borderBottomRightRadius": "2px",
              "borderTopLeftRadius": "2px",
              "borderTopRightRadius": "2px",
              "cursor": "pointer",
              "height": "40px",
              "justifyContent": "center",
              "maxWidth": "240px",
              "minWidth": "120px",
              "msFlexAlign": "center",
              "msFlexPack": "center",
              "msTouchAction": "manipulation",
              "overflowX": "hidden",
              "overflowY": "hidden",
              "touchAction": "manipulation",
            }
          }
          tabIndex="0"
        >
          <Text>
            <div
              className="rn-borderTopWidth-13yce4e rn-borderRightWidth-fnigne rn-borderBottomWidth-ndvcnb rn-borderLeftWidth-gxnn5r rn-boxSizing-deolkf rn-color-homxoj rn-display-1471scf rn-fontFamily-14xgk7a rn-fontSize-1b43r93 rn-fontStyle-o11vmf rn-fontVariant-ebii48 rn-fontWeight-gul640 rn-lineHeight-t9a87b rn-marginTop-1mnahxq rn-marginRight-61z16t rn-marginBottom-p1pxzi rn-marginLeft-11wrixw rn-paddingTop-wk8lta rn-paddingRight-9aemit rn-paddingBottom-1mdbw0j rn-paddingLeft-gy4na3 rn-textDecoration-bauka4 rn-whiteSpace-q42fyq rn-wordWrap-qvutc0"
              dir="auto"
            >
              hello
            </div>
          </Text>
        </div>
      </View>
    </AnimatedComponent>
  </TouchableWithoutFeedback>
</BaseButton>
`;
