// Jest Snapshot v1, https://goo.gl/fbAQLP

exports[`renders 1`] = `
<Input>
  <GetTheme>
    <TextInput
      autoCapitalize="sentences"
      autoComplete="on"
      autoCorrect={true}
      editable={true}
      keyboardType="default"
      multiline={false}
      numberOfLines={2}
      secureTextEntry={false}
      style={
        Object {
          "backgroundColor": "#ffffff",
          "borderColor": "#EAEAEE",
          "borderRadius": 2,
          "borderWidth": 1,
          "fontSize": 14,
          "height": 36,
          "paddingLeft": 12,
        }
      }
    >
      <input
        autoCapitalize="sentences"
        autoComplete="on"
        autoCorrect="on"
        className="rn-MozAppearance-97bpaa rn-appearance-30o5oe rn-borderTopLeftRadius-1iymjk7 rn-borderTopRightRadius-s2skl2 rn-borderBottomRightRadius-l5bh9y rn-borderBottomLeftRadius-101sy47 rn-borderTopStyle-1efd50x rn-borderRightStyle-14skgim rn-borderBottomStyle-rull8r rn-borderLeftStyle-mm0ijv rn-borderTopWidth-5kkj8d rn-borderRightWidth-13l2t4g rn-borderBottomWidth-qklmqi rn-borderLeftWidth-1ljd8xs rn-boxSizing-deolkf rn-fontFamily-14xgk7a rn-fontSize-1b43r93 rn-height-1r8g8re rn-paddingTop-wk8lta rn-paddingRight-9aemit rn-paddingBottom-1mdbw0j rn-paddingLeft-f727ji rn-resize-1dz5y72"
        dir="auto"
        onBlur={[Function]}
        onChange={[Function]}
        onFocus={[Function]}
        onKeyDown={[Function]}
        onKeyPress={[Function]}
        onSelect={[Function]}
        readOnly={false}
        spellCheck={true}
        style={
          Object {
            "backgroundColor": "rgba(255,255,255,1)",
            "borderBottomColor": "rgba(234,234,238,1)",
            "borderLeftColor": "rgba(234,234,238,1)",
            "borderRightColor": "rgba(234,234,238,1)",
            "borderTopColor": "rgba(234,234,238,1)",
          }
        }
        type="text"
      />
    </TextInput>
  </GetTheme>
</Input>
`;
