// Jest Snapshot v1, https://goo.gl/fbAQLP

exports[`renders content false 1`] = `
<Checkbox
  content={
    <Text>
      hello
    </Text>
  }
>
  <TouchableWithoutFeedback>
    <View
      accessible={true}
      onKeyDown={[Function]}
      onKeyUp={[Function]}
      onResponderGrant={[Function]}
      onResponderMove={[Function]}
      onResponderRelease={[Function]}
      onResponderTerminate={[Function]}
      onResponderTerminationRequest={[Function]}
      onStartShouldSetResponder={[Function]}
      style={
        Object {
          "backgroundColor": "#D5D5D5",
          "backgroundSize": "cover",
          "bottom": 0,
          "height": "100%",
          "left": 0,
          "margin": 0,
          "opacity": 0,
          "padding": 0,
          "position": "absolute",
          "right": 0,
          "top": 0,
          "transitionDuration": "0.1s",
          "width": "100%",
        }
      }
    >
      <div
        className="rn-alignItems-1awozwy rn-borderTopLeftRadius-3v92ek rn-borderTopRightRadius-fm6ini rn-borderBottomRightRadius-x4nnad rn-borderBottomLeftRadius-1rz6xei rn-borderTopStyle-1efd50x rn-borderRightStyle-14skgim rn-borderBottomStyle-rull8r rn-borderLeftStyle-mm0ijv rn-borderTopWidth-5kkj8d rn-borderRightWidth-13l2t4g rn-borderBottomWidth-qklmqi rn-borderLeftWidth-1ljd8xs rn-boxSizing-deolkf rn-cursor-1loqt21 rn-display-6koalj rn-flexShrink-1pxmb3b rn-flexBasis-7vfszb rn-flexDirection-eqz5dr rn-justifyContent-1777fci rn-marginTop-1mnahxq rn-marginRight-61z16t rn-marginBottom-p1pxzi rn-marginLeft-11wrixw rn-minHeight-ifefl9 rn-minWidth-bcqeeo rn-paddingBottom-14p8ni rn-paddingLeft-1xjzbo rn-paddingRight-ptajp2 rn-paddingTop-zre7wq rn-position-bnwqim rn-touchAction-1otgn73 rn-zIndex-1lgpqti"
        onKeyDown={[Function]}
        onKeyUp={[Function]}
        onResponderGrant={[Function]}
        onResponderMove={[Function]}
        onResponderRelease={[Function]}
        onResponderTerminate={[Function]}
        onResponderTerminationRequest={[Function]}
        onStartShouldSetResponder={[Function]}
        tabIndex="0"
      >
        <Text
          style={
            Object {
              "appearance": "none",
              "backgroundColor": "transparent",
              "borderColor": "black",
              "borderRadius": 0,
              "borderWidth": 0,
              "boxSizing": "border-box",
              "color": "inherit",
              "font": "inherit",
              "padding": 0,
              "resize": "none",
            }
          }
        >
          <div
            className="rn-borderTopWidth-13yce4e rn-borderRightWidth-fnigne rn-borderBottomWidth-ndvcnb rn-borderLeftWidth-gxnn5r rn-boxSizing-deolkf rn-display-1471scf rn-fontFamily-14xgk7a rn-fontSize-1b43r93 rn-fontStyle-o11vmf rn-fontVariant-ebii48 rn-fontWeight-gul640 rn-lineHeight-t9a87b rn-marginTop-1mnahxq rn-marginRight-61z16t rn-marginBottom-p1pxzi rn-marginLeft-11wrixw rn-paddingTop-wk8lta rn-paddingRight-9aemit rn-paddingBottom-1mdbw0j rn-paddingLeft-gy4na3 rn-textDecoration-bauka4 rn-whiteSpace-q42fyq rn-wordWrap-qvutc0"
            dir="auto"
          >
            <Text>
              <span
                className="rn-borderTopWidth-13yce4e rn-borderRightWidth-fnigne rn-borderBottomWidth-ndvcnb rn-borderLeftWidth-gxnn5r rn-boxSizing-deolkf rn-color-homxoj rn-display-1471scf rn-fontFamily-poiln3 rn-fontSize-7cikom rn-fontStyle-o11vmf rn-fontVariant-ebii48 rn-fontWeight-gul640 rn-lineHeight-t9a87b rn-marginTop-1mnahxq rn-marginRight-61z16t rn-marginBottom-p1pxzi rn-marginLeft-11wrixw rn-paddingTop-wk8lta rn-paddingRight-9aemit rn-paddingBottom-1mdbw0j rn-paddingLeft-gy4na3 rn-textDecoration-bauka4 rn-whiteSpace-irrty rn-wordWrap-qvutc0"
                dir="auto"
              >
                hello
              </span>
            </Text>
          </div>
        </Text>
      </div>
    </View>
  </TouchableWithoutFeedback>
</Checkbox>
`;

exports[`renders content true 1`] = `
<Checkbox
  content={
    <Text>
      hello
    </Text>
  }
>
  <TouchableWithoutFeedback>
    <View
      accessible={true}
      onKeyDown={[Function]}
      onKeyUp={[Function]}
      onResponderGrant={[Function]}
      onResponderMove={[Function]}
      onResponderRelease={[Function]}
      onResponderTerminate={[Function]}
      onResponderTerminationRequest={[Function]}
      onStartShouldSetResponder={[Function]}
      style={
        Object {
          "backgroundColor": "#D5D5D5",
          "backgroundSize": "cover",
          "bottom": 0,
          "height": "70%",
          "left": "100%",
          "margin": "auto",
          "position": "absolute",
          "right": 0,
          "top": 0,
          "transitionDuration": "0.1s",
          "width": "100%",
        }
      }
    >
      <div
        className="rn-alignItems-1awozwy rn-borderTopLeftRadius-3v92ek rn-borderTopRightRadius-fm6ini rn-borderBottomRightRadius-x4nnad rn-borderBottomLeftRadius-1rz6xei rn-borderTopStyle-1efd50x rn-borderRightStyle-14skgim rn-borderBottomStyle-rull8r rn-borderLeftStyle-mm0ijv rn-borderTopWidth-5kkj8d rn-borderRightWidth-13l2t4g rn-borderBottomWidth-qklmqi rn-borderLeftWidth-1ljd8xs rn-boxSizing-deolkf rn-cursor-1loqt21 rn-display-6koalj rn-flexShrink-1pxmb3b rn-flexBasis-7vfszb rn-flexDirection-eqz5dr rn-justifyContent-1777fci rn-marginTop-1mnahxq rn-marginRight-61z16t rn-marginBottom-p1pxzi rn-marginLeft-11wrixw rn-minHeight-ifefl9 rn-minWidth-bcqeeo rn-paddingBottom-14p8ni rn-paddingLeft-1xjzbo rn-paddingRight-ptajp2 rn-paddingTop-zre7wq rn-position-bnwqim rn-touchAction-1otgn73 rn-zIndex-1lgpqti"
        onKeyDown={[Function]}
        onKeyUp={[Function]}
        onResponderGrant={[Function]}
        onResponderMove={[Function]}
        onResponderRelease={[Function]}
        onResponderTerminate={[Function]}
        onResponderTerminationRequest={[Function]}
        onStartShouldSetResponder={[Function]}
        tabIndex="0"
      >
        <Text
          style={
            Object {
              "backgroundColor": "#BDBDBD",
            }
          }
        >
          <div
            className="rn-borderTopWidth-13yce4e rn-borderRightWidth-fnigne rn-borderBottomWidth-ndvcnb rn-borderLeftWidth-gxnn5r rn-boxSizing-deolkf rn-display-1471scf rn-fontFamily-14xgk7a rn-fontSize-1b43r93 rn-fontStyle-o11vmf rn-fontVariant-ebii48 rn-fontWeight-gul640 rn-lineHeight-t9a87b rn-marginTop-1mnahxq rn-marginRight-61z16t rn-marginBottom-p1pxzi rn-marginLeft-11wrixw rn-paddingTop-wk8lta rn-paddingRight-9aemit rn-paddingBottom-1mdbw0j rn-paddingLeft-gy4na3 rn-textDecoration-bauka4 rn-whiteSpace-q42fyq rn-wordWrap-qvutc0"
            dir="auto"
          >
            <Text>
              <span
                className="rn-borderTopWidth-13yce4e rn-borderRightWidth-fnigne rn-borderBottomWidth-ndvcnb rn-borderLeftWidth-gxnn5r rn-boxSizing-deolkf rn-color-homxoj rn-display-1471scf rn-fontFamily-poiln3 rn-fontSize-7cikom rn-fontStyle-o11vmf rn-fontVariant-ebii48 rn-fontWeight-gul640 rn-lineHeight-t9a87b rn-marginTop-1mnahxq rn-marginRight-61z16t rn-marginBottom-p1pxzi rn-marginLeft-11wrixw rn-paddingTop-wk8lta rn-paddingRight-9aemit rn-paddingBottom-1mdbw0j rn-paddingLeft-gy4na3 rn-textDecoration-bauka4 rn-whiteSpace-irrty rn-wordWrap-qvutc0"
                dir="auto"
              >
                hello
              </span>
            </Text>
          </div>
        </Text>
      </div>
    </View>
  </TouchableWithoutFeedback>
</Checkbox>
`;

exports[`renders false 1`] = `
<Checkbox>
  <TouchableWithoutFeedback>
    <View
      accessible={true}
      onKeyDown={[Function]}
      onKeyUp={[Function]}
      onResponderGrant={[Function]}
      onResponderMove={[Function]}
      onResponderRelease={[Function]}
      onResponderTerminate={[Function]}
      onResponderTerminationRequest={[Function]}
      onStartShouldSetResponder={[Function]}
      style={
        Object {
          "alignSelf": "flex-start",
          "backgroundSize": "cover",
          "borderRadius": "100%",
          "bottom": 0,
          "boxShadow": "0px 1px 3px rgba(0,0,0,0.5)",
          "height": "100%",
          "left": 0,
          "margin": 0,
          "opacity": 0,
          "padding": 0,
          "position": "absolute",
          "right": 0,
          "top": 0,
          "transform": Array [
            Object {
              "translateZ": 0,
            },
          ],
          "transitionDuration": "0.1s",
          "width": "100%",
        }
      }
    >
      <div
        className="rn-alignItems-1awozwy rn-borderTopLeftRadius-3v92ek rn-borderTopRightRadius-fm6ini rn-borderBottomRightRadius-x4nnad rn-borderBottomLeftRadius-1rz6xei rn-borderTopStyle-1efd50x rn-borderRightStyle-14skgim rn-borderBottomStyle-rull8r rn-borderLeftStyle-mm0ijv rn-borderTopWidth-5kkj8d rn-borderRightWidth-13l2t4g rn-borderBottomWidth-qklmqi rn-borderLeftWidth-1ljd8xs rn-boxSizing-deolkf rn-cursor-1loqt21 rn-display-6koalj rn-flexShrink-1pxmb3b rn-flexBasis-7vfszb rn-flexDirection-eqz5dr rn-height-1gprfek rn-justifyContent-1777fci rn-marginTop-1mnahxq rn-marginRight-61z16t rn-marginBottom-p1pxzi rn-marginLeft-11wrixw rn-minHeight-ifefl9 rn-minWidth-bcqeeo rn-paddingTop-wk8lta rn-paddingRight-9aemit rn-paddingBottom-1mdbw0j rn-paddingLeft-gy4na3 rn-position-bnwqim rn-touchAction-1otgn73 rn-width-eldnz5 rn-zIndex-1lgpqti"
        onKeyDown={[Function]}
        onKeyUp={[Function]}
        onResponderGrant={[Function]}
        onResponderMove={[Function]}
        onResponderRelease={[Function]}
        onResponderTerminate={[Function]}
        onResponderTerminationRequest={[Function]}
        onStartShouldSetResponder={[Function]}
        tabIndex="0"
      >
        <Text
          style={
            Object {
              "appearance": "none",
              "backgroundColor": "transparent",
              "borderColor": "black",
              "borderRadius": 0,
              "borderWidth": 0,
              "boxSizing": "border-box",
              "color": "inherit",
              "font": "inherit",
              "padding": 0,
              "resize": "none",
            }
          }
        >
          <div
            className="rn-borderTopWidth-13yce4e rn-borderRightWidth-fnigne rn-borderBottomWidth-ndvcnb rn-borderLeftWidth-gxnn5r rn-boxSizing-deolkf rn-display-1471scf rn-fontFamily-14xgk7a rn-fontSize-1b43r93 rn-fontStyle-o11vmf rn-fontVariant-ebii48 rn-fontWeight-gul640 rn-lineHeight-t9a87b rn-marginTop-1mnahxq rn-marginRight-61z16t rn-marginBottom-p1pxzi rn-marginLeft-11wrixw rn-paddingTop-wk8lta rn-paddingRight-9aemit rn-paddingBottom-1mdbw0j rn-paddingLeft-gy4na3 rn-textDecoration-bauka4 rn-whiteSpace-q42fyq rn-wordWrap-qvutc0"
            dir="auto"
          />
        </Text>
      </div>
    </View>
  </TouchableWithoutFeedback>
</Checkbox>
`;

exports[`renders true 1`] = `
<Checkbox>
  <TouchableWithoutFeedback>
    <View
      accessible={true}
      onKeyDown={[Function]}
      onKeyUp={[Function]}
      onResponderGrant={[Function]}
      onResponderMove={[Function]}
      onResponderRelease={[Function]}
      onResponderTerminate={[Function]}
      onResponderTerminationRequest={[Function]}
      onStartShouldSetResponder={[Function]}
      style={
        Object {
          "alignSelf": "flex-start",
          "backgroundSize": "cover",
          "borderRadius": "100%",
          "bottom": 0,
          "boxShadow": "0px 1px 3px rgba(0,0,0,0.5)",
          "height": "70%",
          "left": "100%",
          "margin": "auto",
          "position": "absolute",
          "right": 0,
          "top": 0,
          "transform": Array [
            Object {
              "translateZ": 0,
            },
          ],
          "transitionDuration": "0.1s",
          "width": "100%",
        }
      }
    >
      <div
        className="rn-alignItems-1awozwy rn-borderTopLeftRadius-3v92ek rn-borderTopRightRadius-fm6ini rn-borderBottomRightRadius-x4nnad rn-borderBottomLeftRadius-1rz6xei rn-borderTopStyle-1efd50x rn-borderRightStyle-14skgim rn-borderBottomStyle-rull8r rn-borderLeftStyle-mm0ijv rn-borderTopWidth-5kkj8d rn-borderRightWidth-13l2t4g rn-borderBottomWidth-qklmqi rn-borderLeftWidth-1ljd8xs rn-boxSizing-deolkf rn-cursor-1loqt21 rn-display-6koalj rn-flexShrink-1pxmb3b rn-flexBasis-7vfszb rn-flexDirection-eqz5dr rn-height-1gprfek rn-justifyContent-1777fci rn-marginTop-1mnahxq rn-marginRight-61z16t rn-marginBottom-p1pxzi rn-marginLeft-11wrixw rn-minHeight-ifefl9 rn-minWidth-bcqeeo rn-paddingTop-wk8lta rn-paddingRight-9aemit rn-paddingBottom-1mdbw0j rn-paddingLeft-gy4na3 rn-position-bnwqim rn-touchAction-1otgn73 rn-width-eldnz5 rn-zIndex-1lgpqti"
        onKeyDown={[Function]}
        onKeyUp={[Function]}
        onResponderGrant={[Function]}
        onResponderMove={[Function]}
        onResponderRelease={[Function]}
        onResponderTerminate={[Function]}
        onResponderTerminationRequest={[Function]}
        onStartShouldSetResponder={[Function]}
        tabIndex="0"
      >
        <Text
          style={
            Object {
              "backgroundColor": "#BDBDBD",
            }
          }
        >
          <div
            className="rn-borderTopWidth-13yce4e rn-borderRightWidth-fnigne rn-borderBottomWidth-ndvcnb rn-borderLeftWidth-gxnn5r rn-boxSizing-deolkf rn-display-1471scf rn-fontFamily-14xgk7a rn-fontSize-1b43r93 rn-fontStyle-o11vmf rn-fontVariant-ebii48 rn-fontWeight-gul640 rn-lineHeight-t9a87b rn-marginTop-1mnahxq rn-marginRight-61z16t rn-marginBottom-p1pxzi rn-marginLeft-11wrixw rn-paddingTop-wk8lta rn-paddingRight-9aemit rn-paddingBottom-1mdbw0j rn-paddingLeft-gy4na3 rn-textDecoration-bauka4 rn-whiteSpace-q42fyq rn-wordWrap-qvutc0"
            dir="auto"
          />
        </Text>
      </div>
    </View>
  </TouchableWithoutFeedback>
</Checkbox>
`;
