// Jest Snapshot v1, https://goo.gl/fbAQLP

exports[`renders 1`] = `
<Button>
  <GetTheme>
    <ButtonWithText
      activeColor="#F9F9F9"
      defaultColor="#ffffff"
      size="medium"
      style={
        Object {
          "borderColor": "#48484D",
          "borderWidth": 1,
        }
      }
      textColor="#48484D"
    >
      <BaseButton
        activeColor="#F9F9F9"
        constrainSize={true}
        defaultColor="#ffffff"
        size="medium"
        style={
          Object {
            "borderColor": "#48484D",
            "borderWidth": 1,
          }
        }
      >
        <TouchableWithoutFeedback
          accessible={true}
          onPressIn={[Function]}
          onPressOut={[Function]}
        >
          <AnimatedComponent
            accessible={true}
            onKeyDown={[Function]}
            onKeyUp={[Function]}
            onResponderGrant={[Function]}
            onResponderMove={[Function]}
            onResponderRelease={[Function]}
            onResponderTerminate={[Function]}
            onResponderTerminationRequest={[Function]}
            onStartShouldSetResponder={[Function]}
            style={
              Object {
                "backgroundColor": "rgba(255, 255, 255, 1)",
                "backgroundImage": "url(\\"data:image/svg+xml;base64,PD94bWwgdmVyc2lvbj0iMS4wIiBlbmNvZGluZz0iVVRGLTgiIHN0YW5kYWxvbmU9Im5vIj8+CjxzdmcKICAgeG1sbnM6ZGM9Imh0dHA6Ly9wdXJsLm9yZy9kYy9lbGVtZW50cy8xLjEvIgogICB4bWxuczpjYz0iaHR0cDovL2NyZWF0aXZlY29tbW9ucy5vcmcvbnMjIgogICB4bWxuczpyZGY9Imh0dHA6Ly93d3cudzMub3JnLzE5OTkvMDIvMjItcmRmLXN5bnRheC1ucyMiCiAgIHhtbG5zOnN2Zz0iaHR0cDovL3d3dy53My5vcmcvMjAwMC9zdmciCiAgIHhtbG5zPSJodHRwOi8vd3d3LnczLm9yZy8yMDAwL3N2ZyIKICAgdmVyc2lvbj0iMS4xIgogICB2aWV3Qm94PSIwIDAgMSAxIgogICBwcmVzZXJ2ZUFzcGVjdFJhdGlvPSJ4TWluWU1pbiBtZWV0Ij4KICA8cGF0aAogICAgIGQ9Ik0gMC4wNDAzODA1OSwwLjYyNjc3NjcgMC4xNDY0NDY2MSwwLjUyMDcxMDY4IDAuNDI5Mjg5MzIsMC44MDM1NTMzOSAwLjMyMzIyMzMsMC45MDk2MTk0MSB6IE0gMC4yMTcxNTcyOSwwLjgwMzU1MzM5IDAuODUzNTUzMzksMC4xNjcxNTcyOSAwLjk1OTYxOTQxLDAuMjczMjIzMyAwLjMyMzIyMzMsMC45MDk2MTk0MSB6IgogICAgIGlkPSJyZWN0Mzc4MCIKICAgICBzdHlsZT0iZmlsbDojZmZmZmZmO2ZpbGwtb3BhY2l0eToxO3N0cm9rZTpub25lIiAvPgo8L3N2Zz4K\\")",
                "backgroundRepeat": "no-repeat",
                "borderColor": "#48484D",
                "borderWidth": 1,
                "color": "#a1a1a1",
                "cursor": "default",
                "height": 5,
                "overflow": "hidden",
                "userSelect": "none",
                "zIndex": 0,
              }
            }
          >
            <View
              accessible={true}
              onKeyDown={[Function]}
              onKeyUp={[Function]}
              onResponderGrant={[Function]}
              onResponderMove={[Function]}
              onResponderRelease={[Function]}
              onResponderTerminate={[Function]}
              onResponderTerminationRequest={[Function]}
              onStartShouldSetResponder={[Function]}
              style={
                Object {
                  "alignItems": "center",
                  "backgroundColor": "rgba(255, 255, 255, 1)",
                  "borderColor": "#48484D",
                  "borderRadius": 2,
                  "borderWidth": 1,
                  "cursor": "pointer",
                  "height": 40,
                  "justifyContent": "center",
                  "maxWidth": 240,
                  "minWidth": 120,
                  "overflow": "hidden",
                  "touchAction": "manipulate",
                }
              }
            >
              <div
                className="rn-alignItems-1awozwy rn-borderTopLeftRadius-1iymjk7 rn-borderTopRightRadius-s2skl2 rn-borderBottomRightRadius-l5bh9y rn-borderBottomLeftRadius-101sy47 rn-borderTopStyle-1efd50x rn-borderRightStyle-14skgim rn-borderBottomStyle-rull8r rn-borderLeftStyle-mm0ijv rn-borderTopWidth-5kkj8d rn-borderRightWidth-13l2t4g rn-borderBottomWidth-qklmqi rn-borderLeftWidth-1ljd8xs rn-boxSizing-deolkf rn-cursor-1loqt21 rn-display-6koalj rn-flexShrink-1pxmb3b rn-flexBasis-7vfszb rn-flexDirection-eqz5dr rn-height-eu3ka rn-justifyContent-1777fci rn-marginTop-1mnahxq rn-marginRight-61z16t rn-marginBottom-p1pxzi rn-marginLeft-11wrixw rn-maxWidth-1fnot1l rn-minHeight-ifefl9 rn-minWidth-ggk5by rn-overflowX-11yh6sk rn-overflowY-buy8e9 rn-paddingTop-wk8lta rn-paddingRight-9aemit rn-paddingBottom-1mdbw0j rn-paddingLeft-gy4na3 rn-position-bnwqim rn-touchAction-1gvxusu rn-zIndex-1lgpqti"
                onKeyDown={[Function]}
                onKeyUp={[Function]}
                onResponderGrant={[Function]}
                onResponderMove={[Function]}
                onResponderRelease={[Function]}
                onResponderTerminate={[Function]}
                onResponderTerminationRequest={[Function]}
                onStartShouldSetResponder={[Function]}
                style={
                  Object {
                    "backgroundColor": "rgba(255, 255, 255, 1)",
                    "borderBottomColor": "rgba(72,72,77,1)",
                    "borderLeftColor": "rgba(72,72,77,1)",
                    "borderRightColor": "rgba(72,72,77,1)",
                    "borderTopColor": "rgba(72,72,77,1)",
                  }
                }
                tabIndex="0"
              >
                <Text
                  style={
                    Object {
                      "bottom": 0,
                      "color": "#48484D",
                      "height": "100%",
                      "left": 0,
                      "margin": 0,
                      "opacity": 0,
                      "padding": 0,
                      "position": "absolute",
                      "right": 0,
                      "top": 0,
                      "width": "100%",
                    }
                  }
                >
                  <InnerText
                    style={
                      Object {
                        "bottom": 0,
                        "color": "#48484D",
                        "flexDirection": "row",
                        "height": "100%",
                        "left": 0,
                        "margin": 0,
                        "opacity": 0,
                        "overflowX": "auto",
                        "overflowY": "hidden",
                        "padding": 0,
                        "position": "absolute",
                        "right": 0,
                        "top": 0,
                        "width": "100%",
                      }
                    }
                  >
                    <GetTheme>
                      <Text
                        style={
                          Object {
                            "backgroundSize": "cover",
                            "bottom": 0,
                            "color": "#48484D",
                            "flexDirection": "row",
                            "height": "100%",
                            "left": 0,
                            "margin": 0,
                            "opacity": 0,
                            "overflowX": "auto",
                            "overflowY": "hidden",
                            "padding": 0,
                            "position": "absolute",
                            "right": 0,
                            "top": 0,
                            "width": "100%",
                          }
                        }
                      >
                        <div
                          className="rn-borderTopWidth-13yce4e rn-borderRightWidth-fnigne rn-borderBottomWidth-ndvcnb rn-borderLeftWidth-gxnn5r rn-boxSizing-deolkf rn-display-1471scf rn-font-1lw9tu2 rn-fontFamily-10u92zi rn-fontSize-ubezar rn-marginTop-1mnahxq rn-marginRight-61z16t rn-marginBottom-p1pxzi rn-marginLeft-11wrixw rn-paddingTop-wk8lta rn-paddingRight-9aemit rn-paddingBottom-1mdbw0j rn-paddingLeft-gy4na3 rn-textDecoration-bauka4 rn-whiteSpace-q42fyq rn-wordWrap-qvutc0"
                          dir="auto"
                          style={
                            Object {
                              "color": "rgba(72,72,77,1)",
                            }
                          }
                        >
                          <Text>
                            <span
                              className="rn-borderTopWidth-13yce4e rn-borderRightWidth-fnigne rn-borderBottomWidth-ndvcnb rn-borderLeftWidth-gxnn5r rn-boxSizing-deolkf rn-color-homxoj rn-display-1471scf rn-font-1lw9tu2 rn-fontFamily-poiln3 rn-fontSize-7cikom rn-marginTop-1mnahxq rn-marginRight-61z16t rn-marginBottom-p1pxzi rn-marginLeft-11wrixw rn-paddingTop-wk8lta rn-paddingRight-9aemit rn-paddingBottom-1mdbw0j rn-paddingLeft-gy4na3 rn-textDecoration-bauka4 rn-whiteSpace-irrty rn-wordWrap-qvutc0"
                              dir="auto"
                            >
                              hello
                            </span>
                          </Text>
                        </div>
                      </Text>
                    </GetTheme>
                  </InnerText>
                </Text>
              </div>
            </View>
          </AnimatedComponent>
        </TouchableWithoutFeedback>
      </BaseButton>
    </ButtonWithText>
  </GetTheme>
</Button>
`;
