// Jest Snapshot v1, https://goo.gl/fbAQLP

exports[`renders 1`] = `
<TableHeader>
  <GetTheme>
    <thead
      style={
        Object {
          "borderBottom": "3px solid",
          "borderColor": "#48484D",
        }
      }
    >
      <tr
        style={Object {}}
      >
        <Text>
          <div
            className="rn-borderTopWidth-13yce4e rn-borderRightWidth-fnigne rn-borderBottomWidth-ndvcnb rn-borderLeftWidth-gxnn5r rn-boxSizing-deolkf rn-color-homxoj rn-display-1471scf rn-font-1lw9tu2 rn-fontFamily-14xgk7a rn-fontSize-1b43r93 rn-marginTop-1mnahxq rn-marginRight-61z16t rn-marginBottom-p1pxzi rn-marginLeft-11wrixw rn-paddingTop-wk8lta rn-paddingRight-9aemit rn-paddingBottom-1mdbw0j rn-paddingLeft-gy4na3 rn-textDecoration-bauka4 rn-whiteSpace-q42fyq rn-wordWrap-qvutc0"
            dir="auto"
          >
            hello
          </div>
        </Text>
      </tr>
    </thead>
  </GetTheme>
</TableHeader>
`;
