// Jest Snapshot v1, https://goo.gl/fbAQLP

exports[`renders 1`] = `
<TableHeader>
  <GetTheme>
    <TableRow
      style={
        Object {
          "borderColor": "#C2C2C2",
          "cursor": "pointer",
          "touchAction": "manipulate",
        }
      }
    >
      <GetTheme>
        <View
          style={
            Object {
              "backgroundColor": "transparent",
              "borderColor": "#C2C2C2",
              "cursor": "pointer",
              "touchAction": "manipulate",
            }
          }
        >
          <div
            className="rn-alignItems-1oszu61 rn-borderBottomWidth-qklmqi rn-borderTopStyle-1efd50x rn-borderRightStyle-14skgim rn-borderBottomStyle-rull8r rn-borderLeftStyle-mm0ijv rn-borderTopWidth-13yce4e rn-borderRightWidth-fnigne rn-borderLeftWidth-gxnn5r rn-boxSizing-deolkf rn-display-6koalj rn-flexShrink-1pxmb3b rn-flexBasis-7vfszb rn-flexDirection-18u37iz rn-height-eu3ka rn-marginTop-1mnahxq rn-marginRight-61z16t rn-marginBottom-p1pxzi rn-marginLeft-11wrixw rn-minHeight-ifefl9 rn-minWidth-bcqeeo rn-paddingRight-9aemit rn-paddingLeft-gy4na3 rn-paddingBottom-14p8ni rn-paddingTop-zre7wq rn-position-bnwqim rn-zIndex-1lgpqti"
            style={
              Object {
                "borderBottomColor": "rgba(194,194,194,1)",
                "borderLeftColor": "rgba(194,194,194,1)",
                "borderRightColor": "rgba(194,194,194,1)",
                "borderTopColor": "rgba(194,194,194,1)",
              }
            }
          >
            <Text>
              <div
                className="rn-borderTopWidth-13yce4e rn-borderRightWidth-fnigne rn-borderBottomWidth-ndvcnb rn-borderLeftWidth-gxnn5r rn-boxSizing-deolkf rn-color-homxoj rn-display-1471scf rn-font-1lw9tu2 rn-fontFamily-10u92zi rn-fontSize-1b43r93 rn-marginTop-1mnahxq rn-marginRight-61z16t rn-marginBottom-p1pxzi rn-marginLeft-11wrixw rn-paddingTop-wk8lta rn-paddingRight-9aemit rn-paddingBottom-1mdbw0j rn-paddingLeft-gy4na3 rn-textDecoration-bauka4 rn-whiteSpace-q42fyq rn-wordWrap-qvutc0"
                dir="auto"
              >
                hello
              </div>
            </Text>
          </div>
        </View>
      </GetTheme>
    </TableRow>
  </GetTheme>
</TableHeader>
`;
