// Jest Snapshot v1, https://goo.gl/fbAQLP

exports[`renders 1`] = `
<CardAction>
  <GetTheme>
    <ButtonWithText
      activeColor="#F9F9F9"
      constrainSize={false}
      defaultColor="white"
      size="medium"
      style={
        Object {
          "borderTopColor": "#EAEAEE",
          "height": 5,
          "overflow": "hidden",
          "userSelect": "none",
          "zIndex": 0,
        }
      }
      textColor="#4A90E2"
    >
      <BaseButton
        activeColor="#F9F9F9"
        constrainSize={false}
        defaultColor="white"
        size="medium"
        style={
          Object {
            "borderTopColor": "#EAEAEE",
            "height": 5,
            "overflow": "hidden",
            "userSelect": "none",
            "zIndex": 0,
          }
        }
      >
        <TouchableWithoutFeedback
          accessible={true}
          onPressIn={[Function]}
          onPressOut={[Function]}
        >
          <AnimatedComponent
            accessible={true}
            onKeyDown={[Function]}
            onKeyUp={[Function]}
            onResponderGrant={[Function]}
            onResponderMove={[Function]}
            onResponderRelease={[Function]}
            onResponderTerminate={[Function]}
            onResponderTerminationRequest={[Function]}
            onStartShouldSetResponder={[Function]}
            style={
              Object {
                "animationDuration": "0.75s",
                "animationIterationCount": "infinite",
                "animationName": Array [
                  Object {
                    "0%": Object {
                      "transform": Array [
                        Object {
                          "rotate": "0deg",
                        },
                      ],
                    },
                    "100%": Object {
                      "transform": Array [
                        Object {
                          "rotate": "360deg",
                        },
                      ],
                    },
                  },
                ],
                "animationTimingFunction": "linear",
                "backgroundColor": "rgba(255, 255, 255, 1)",
                "backgroundSize": "cover",
                "borderTopColor": "#EAEAEE",
                "color": "#fff",
                "fontWeight": "500",
                "height": 5,
                "overflow": "hidden",
                "padding": 8,
                "textAlign": "center",
                "textTransform": "uppercase",
                "userSelect": "none",
                "zIndex": 0,
              }
            }
          >
            <View
              accessible={true}
              onKeyDown={[Function]}
              onKeyUp={[Function]}
              onResponderGrant={[Function]}
              onResponderMove={[Function]}
              onResponderRelease={[Function]}
              onResponderTerminate={[Function]}
              onResponderTerminationRequest={[Function]}
              onStartShouldSetResponder={[Function]}
              style={
                Object {
                  "alignItems": "center",
                  "alignSelf": "flex-end",
                  "backgroundColor": "rgba(255, 255, 255, 1)",
                  "borderRadius": 0,
                  "borderStyle": "solid",
                  "borderTopColor": "#EAEAEE",
                  "borderTopWidth": 1,
                  "cursor": "pointer",
                  "flex": 1,
                  "height": 40,
                  "justifyContent": "center",
                  "overflow": "hidden",
                  "touchAction": "manipulate",
                }
              }
            >
              <div
                className="rn-alignItems-1awozwy rn-alignSelf-173mn98 rn-borderTopLeftRadius-ou6ah9 rn-borderTopRightRadius-t12b5v rn-borderBottomRightRadius-zmljjp rn-borderBottomLeftRadius-pm2fo rn-borderTopStyle-1efd50x rn-borderRightStyle-14skgim rn-borderBottomStyle-rull8r rn-borderLeftStyle-mm0ijv rn-borderTopWidth-5kkj8d rn-borderRightWidth-fnigne rn-borderBottomWidth-ndvcnb rn-borderLeftWidth-gxnn5r rn-boxSizing-deolkf rn-cursor-1loqt21 rn-display-6koalj rn-flex-13awgt0 rn-flexGrow-1m1wadx rn-flexShrink-1awmn5t rn-flexDirection-eqz5dr rn-height-eu3ka rn-justifyContent-1777fci rn-marginTop-1mnahxq rn-marginRight-61z16t rn-marginBottom-p1pxzi rn-marginLeft-11wrixw rn-minHeight-ifefl9 rn-minWidth-bcqeeo rn-overflowX-11yh6sk rn-overflowY-buy8e9 rn-paddingTop-wk8lta rn-paddingRight-9aemit rn-paddingBottom-1mdbw0j rn-paddingLeft-gy4na3 rn-position-bnwqim rn-touchAction-1gvxusu rn-zIndex-1lgpqti"
                onKeyDown={[Function]}
                onKeyUp={[Function]}
                onResponderGrant={[Function]}
                onResponderMove={[Function]}
                onResponderRelease={[Function]}
                onResponderTerminate={[Function]}
                onResponderTerminationRequest={[Function]}
                onStartShouldSetResponder={[Function]}
                style={
                  Object {
                    "backgroundColor": "rgba(255, 255, 255, 1)",
                    "borderTopColor": "rgba(234,234,238,1)",
                  }
                }
                tabIndex="0"
              >
                <Text
                  style={
                    Object {
                      "color": "#4A90E2",
                      "cursor": "pointer",
                      "touchAction": "manipulation",
                    }
                  }
                >
                  <InnerText
                    style={
                      Object {
                        "0": 41,
                        "1": Object {
                          "color": "#4A90E2",
                        },
                        "2": undefined,
                      }
                    }
                  >
                    <GetTheme>
                      <Text
                        style={
                          Object {
                            "0": 41,
                            "1": Object {
                              "color": "#4A90E2",
                            },
                            "2": undefined,
                            "color": "#48484D",
                          }
                        }
                      >
                        <div
                          className="rn-borderTopWidth-13yce4e rn-borderRightWidth-fnigne rn-borderBottomWidth-ndvcnb rn-borderLeftWidth-gxnn5r rn-boxSizing-deolkf rn-display-1471scf rn-font-1lw9tu2 rn-fontFamily-10u92zi rn-fontSize-1b43r93 rn-marginTop-1mnahxq rn-marginRight-61z16t rn-marginBottom-p1pxzi rn-marginLeft-11wrixw rn-paddingTop-wk8lta rn-paddingRight-9aemit rn-paddingBottom-1mdbw0j rn-paddingLeft-gy4na3 rn-textDecoration-bauka4 rn-whiteSpace-q42fyq rn-wordWrap-qvutc0"
                          dir="auto"
                          style={
                            Object {
                              "0": "41px",
                              "1": Object {
                                "color": "#4A90E2",
                              },
                              "color": "rgba(72,72,77,1)",
                            }
                          }
                        >
                          <Text>
                            <span
                              className="rn-borderTopWidth-13yce4e rn-borderRightWidth-fnigne rn-borderBottomWidth-ndvcnb rn-borderLeftWidth-gxnn5r rn-boxSizing-deolkf rn-color-homxoj rn-display-1471scf rn-font-1lw9tu2 rn-fontFamily-poiln3 rn-fontSize-7cikom rn-marginTop-1mnahxq rn-marginRight-61z16t rn-marginBottom-p1pxzi rn-marginLeft-11wrixw rn-paddingTop-wk8lta rn-paddingRight-9aemit rn-paddingBottom-1mdbw0j rn-paddingLeft-gy4na3 rn-textDecoration-bauka4 rn-whiteSpace-irrty rn-wordWrap-qvutc0"
                              dir="auto"
                            >
                              hello
                            </span>
                          </Text>
                        </div>
                      </Text>
                    </GetTheme>
                  </InnerText>
                </Text>
              </div>
            </View>
          </AnimatedComponent>
        </TouchableWithoutFeedback>
      </BaseButton>
    </ButtonWithText>
  </GetTheme>
</CardAction>
`;
