// Jest Snapshot v1, https://goo.gl/fbAQLP

exports[`renders 1`] = `
<App>
  <FlexColumn
    style={
      Object {
        "flex": 1,
      }
    }
  >
    <Flex
      direction="column"
      style={
        Object {
          "flex": 1,
        }
      }
    >
      <View
        style={
          Object {
            "alignItems": undefined,
            "alignSelf": undefined,
            "display": "flex",
            "flex": 1,
            "flexDirection": "column",
            "flexGrow": undefined,
            "flexShrink": undefined,
            "flexWrap": undefined,
            "justifyContent": undefined,
          }
        }
      >
        <div
          className="rn-borderTopStyle-1efd50x rn-borderRightStyle-14skgim rn-borderBottomStyle-rull8r rn-borderLeftStyle-mm0ijv rn-borderTopWidth-13yce4e rn-borderRightWidth-fnigne rn-borderBottomWidth-ndvcnb rn-borderLeftWidth-gxnn5r rn-boxSizing-deolkf rn-display-6koalj rn-flexShrink-1pxmb3b rn-flexBasis-7vfszb rn-flexDirection-eqz5dr rn-fontSize-1b43r93 rn-marginTop-1mnahxq rn-marginRight-61z16t rn-marginBottom-p1pxzi rn-marginLeft-11wrixw rn-minHeight-ifefl9 rn-minWidth-bcqeeo rn-paddingTop-wk8lta rn-paddingRight-9aemit rn-paddingBottom-1mdbw0j rn-paddingLeft-gy4na3 rn-position-bnwqim rn-zIndex-1lgpqti"
        />
      </View>
    </Flex>
  </FlexColumn>
</App>
`;
